[0.091s] DEBUG:colcon:Command line arguments: ['/usr/bin/colcon', 'build', '--symlink-install']
[0.091s] DEBUG:colcon:Parsed command line arguments: Namespace(log_base=None, log_level=None, verb_name='build', build_base='build', install_base='install', merge_install=False, symlink_install=True, test_result_base=None, continue_on_error=False, executor='parallel', parallel_workers=12, event_handlers=None, ignore_user_meta=False, metas=['./colcon.meta'], base_paths=['.'], packages_ignore=None, packages_ignore_regex=None, paths=None, packages_up_to=None, packages_up_to_regex=None, packages_above=None, packages_above_and_dependencies=None, packages_above_depth=None, packages_select_by_dep=None, packages_skip_by_dep=None, packages_skip_up_to=None, packages_select_build_failed=False, packages_skip_build_finished=False, packages_select_test_failures=False, packages_skip_test_passed=False, packages_select=None, packages_skip=None, packages_select_regex=None, packages_skip_regex=None, packages_start=None, packages_end=None, allow_overriding=[], cmake_args=None, cmake_target=None, cmake_target_skip_unavailable=False, cmake_clean_cache=False, cmake_clean_first=False, cmake_force_configure=False, ament_cmake_args=None, catkin_cmake_args=None, catkin_skip_building_tests=False, mixin_files=None, mixin=None, verb_parser=<colcon_mixin.mixin.mixin_argument.MixinArgumentDecorator object at 0x7351ca83ea10>, verb_extension=<colcon_core.verb.build.BuildVerb object at 0x7351ca957b80>, main=<bound method BuildVerb.main of <colcon_core.verb.build.BuildVerb object at 0x7351ca957b80>>, mixin_verb=('build',))
[0.234s] Level 1:colcon.colcon_core.package_discovery:discover_packages(colcon_meta) check parameters
[0.234s] Level 1:colcon.colcon_core.package_discovery:discover_packages(recursive) check parameters
[0.234s] Level 1:colcon.colcon_core.package_discovery:discover_packages(ignore) check parameters
[0.234s] Level 1:colcon.colcon_core.package_discovery:discover_packages(path) check parameters
[0.234s] Level 1:colcon.colcon_core.package_discovery:discover_packages(colcon_meta) discover
[0.234s] Level 1:colcon.colcon_core.package_discovery:discover_packages(recursive) discover
[0.234s] INFO:colcon.colcon_core.package_discovery:Crawling recursively for packages in '/home/ros2ar/patrol_ws'
[0.234s] Level 1:colcon.colcon_core.package_identification:_identify(.) by extensions ['ignore', 'ignore_ament_install']
[0.234s] Level 1:colcon.colcon_core.package_identification:_identify(.) by extension 'ignore'
[0.234s] Level 1:colcon.colcon_core.package_identification:_identify(.) by extension 'ignore_ament_install'
[0.234s] Level 1:colcon.colcon_core.package_identification:_identify(.) by extensions ['colcon_pkg']
[0.234s] Level 1:colcon.colcon_core.package_identification:_identify(.) by extension 'colcon_pkg'
[0.234s] Level 1:colcon.colcon_core.package_identification:_identify(.) by extensions ['colcon_meta']
[0.234s] Level 1:colcon.colcon_core.package_identification:_identify(.) by extension 'colcon_meta'
[0.234s] Level 1:colcon.colcon_core.package_identification:_identify(.) by extensions ['ros']
[0.234s] Level 1:colcon.colcon_core.package_identification:_identify(.) by extension 'ros'
[0.243s] Level 1:colcon.colcon_core.package_identification:_identify(.) by extensions ['cmake', 'python']
[0.243s] Level 1:colcon.colcon_core.package_identification:_identify(.) by extension 'cmake'
[0.243s] Level 1:colcon.colcon_core.package_identification:_identify(.) by extension 'python'
[0.243s] Level 1:colcon.colcon_core.package_identification:_identify(.) by extensions ['python_setup_py']
[0.243s] Level 1:colcon.colcon_core.package_identification:_identify(.) by extension 'python_setup_py'
[0.244s] Level 1:colcon.colcon_core.package_identification:_identify(build) by extensions ['ignore', 'ignore_ament_install']
[0.244s] Level 1:colcon.colcon_core.package_identification:_identify(build) by extension 'ignore'
[0.244s] Level 1:colcon.colcon_core.package_identification:_identify(build) ignored
[0.244s] Level 1:colcon.colcon_core.package_identification:_identify(install) by extensions ['ignore', 'ignore_ament_install']
[0.244s] Level 1:colcon.colcon_core.package_identification:_identify(install) by extension 'ignore'
[0.244s] Level 1:colcon.colcon_core.package_identification:_identify(install) ignored
[0.244s] Level 1:colcon.colcon_core.package_identification:_identify(log) by extensions ['ignore', 'ignore_ament_install']
[0.244s] Level 1:colcon.colcon_core.package_identification:_identify(log) by extension 'ignore'
[0.244s] Level 1:colcon.colcon_core.package_identification:_identify(log) ignored
[0.244s] Level 1:colcon.colcon_core.package_identification:_identify(src) by extensions ['ignore', 'ignore_ament_install']
[0.244s] Level 1:colcon.colcon_core.package_identification:_identify(src) by extension 'ignore'
[0.244s] Level 1:colcon.colcon_core.package_identification:_identify(src) by extension 'ignore_ament_install'
[0.244s] Level 1:colcon.colcon_core.package_identification:_identify(src) by extensions ['colcon_pkg']
[0.244s] Level 1:colcon.colcon_core.package_identification:_identify(src) by extension 'colcon_pkg'
[0.244s] Level 1:colcon.colcon_core.package_identification:_identify(src) by extensions ['colcon_meta']
[0.244s] Level 1:colcon.colcon_core.package_identification:_identify(src) by extension 'colcon_meta'
[0.244s] Level 1:colcon.colcon_core.package_identification:_identify(src) by extensions ['ros']
[0.245s] Level 1:colcon.colcon_core.package_identification:_identify(src) by extension 'ros'
[0.245s] Level 1:colcon.colcon_core.package_identification:_identify(src) by extensions ['cmake', 'python']
[0.245s] Level 1:colcon.colcon_core.package_identification:_identify(src) by extension 'cmake'
[0.245s] Level 1:colcon.colcon_core.package_identification:_identify(src) by extension 'python'
[0.245s] Level 1:colcon.colcon_core.package_identification:_identify(src) by extensions ['python_setup_py']
[0.245s] Level 1:colcon.colcon_core.package_identification:_identify(src) by extension 'python_setup_py'
[0.245s] Level 1:colcon.colcon_core.package_identification:_identify(src/patrol_guard_bot) by extensions ['ignore', 'ignore_ament_install']
[0.245s] Level 1:colcon.colcon_core.package_identification:_identify(src/patrol_guard_bot) by extension 'ignore'
[0.245s] Level 1:colcon.colcon_core.package_identification:_identify(src/patrol_guard_bot) by extension 'ignore_ament_install'
[0.245s] Level 1:colcon.colcon_core.package_identification:_identify(src/patrol_guard_bot) by extensions ['colcon_pkg']
[0.245s] Level 1:colcon.colcon_core.package_identification:_identify(src/patrol_guard_bot) by extension 'colcon_pkg'
[0.245s] Level 1:colcon.colcon_core.package_identification:_identify(src/patrol_guard_bot) by extensions ['colcon_meta']
[0.245s] Level 1:colcon.colcon_core.package_identification:_identify(src/patrol_guard_bot) by extension 'colcon_meta'
[0.245s] Level 1:colcon.colcon_core.package_identification:_identify(src/patrol_guard_bot) by extensions ['ros']
[0.245s] Level 1:colcon.colcon_core.package_identification:_identify(src/patrol_guard_bot) by extension 'ros'
[0.247s] DEBUG:colcon.colcon_core.package_identification:Package 'src/patrol_guard_bot' with type 'ros.ament_python' and name 'patrol_guard_bot'
[0.247s] Level 1:colcon.colcon_core.package_discovery:discover_packages(recursive) using defaults
[0.247s] Level 1:colcon.colcon_core.package_discovery:discover_packages(ignore) discover
[0.247s] Level 1:colcon.colcon_core.package_discovery:discover_packages(ignore) using defaults
[0.247s] Level 1:colcon.colcon_core.package_discovery:discover_packages(path) discover
[0.247s] Level 1:colcon.colcon_core.package_discovery:discover_packages(path) using defaults
[0.276s] Level 1:colcon.colcon_core.package_discovery:discover_packages(prefix_path) check parameters
[0.277s] Level 1:colcon.colcon_core.package_discovery:discover_packages(prefix_path) discover
[0.278s] DEBUG:colcon.colcon_installed_package_information.package_discovery:Found 1 installed packages in /home/ros2ar/patrol_ws/install
[0.278s] DEBUG:colcon.colcon_installed_package_information.package_discovery:Found 1 installed packages in /home/ros2ar/sentinel_v_ws/install
[0.280s] DEBUG:colcon.colcon_installed_package_information.package_discovery:Found 374 installed packages in /opt/ros/humble
[0.281s] Level 1:colcon.colcon_core.package_discovery:discover_packages(prefix_path) using defaults
[0.320s] Level 5:colcon.colcon_core.verb:set package 'patrol_guard_bot' build argument 'cmake_args' from command line to 'None'
[0.320s] Level 5:colcon.colcon_core.verb:set package 'patrol_guard_bot' build argument 'cmake_target' from command line to 'None'
[0.320s] Level 5:colcon.colcon_core.verb:set package 'patrol_guard_bot' build argument 'cmake_target_skip_unavailable' from command line to 'False'
[0.320s] Level 5:colcon.colcon_core.verb:set package 'patrol_guard_bot' build argument 'cmake_clean_cache' from command line to 'False'
[0.321s] Level 5:colcon.colcon_core.verb:set package 'patrol_guard_bot' build argument 'cmake_clean_first' from command line to 'False'
[0.321s] Level 5:colcon.colcon_core.verb:set package 'patrol_guard_bot' build argument 'cmake_force_configure' from command line to 'False'
[0.321s] Level 5:colcon.colcon_core.verb:set package 'patrol_guard_bot' build argument 'ament_cmake_args' from command line to 'None'
[0.321s] Level 5:colcon.colcon_core.verb:set package 'patrol_guard_bot' build argument 'catkin_cmake_args' from command line to 'None'
[0.321s] Level 5:colcon.colcon_core.verb:set package 'patrol_guard_bot' build argument 'catkin_skip_building_tests' from command line to 'False'
[0.321s] DEBUG:colcon.colcon_core.verb:Building package 'patrol_guard_bot' with the following arguments: {'ament_cmake_args': None, 'build_base': '/home/ros2ar/patrol_ws/build/patrol_guard_bot', 'catkin_cmake_args': None, 'catkin_skip_building_tests': False, 'cmake_args': None, 'cmake_clean_cache': False, 'cmake_clean_first': False, 'cmake_force_configure': False, 'cmake_target': None, 'cmake_target_skip_unavailable': False, 'install_base': '/home/ros2ar/patrol_ws/install/patrol_guard_bot', 'merge_install': False, 'path': '/home/ros2ar/patrol_ws/src/patrol_guard_bot', 'symlink_install': True, 'test_result_base': None}
[0.321s] INFO:colcon.colcon_core.executor:Executing jobs using 'parallel' executor
[0.322s] DEBUG:colcon.colcon_parallel_executor.executor.parallel:run_until_complete
[0.322s] INFO:colcon.colcon_ros.task.ament_python.build:Building ROS package in '/home/ros2ar/patrol_ws/src/patrol_guard_bot' with build type 'ament_python'
[0.322s] Level 1:colcon.colcon_core.shell:create_environment_hook('patrol_guard_bot', 'ament_prefix_path')
[0.324s] INFO:colcon.colcon_core.plugin_system:Skipping extension 'colcon_core.shell.bat': Not used on non-Windows systems
[0.324s] INFO:colcon.colcon_core.shell:Creating environment hook '/home/ros2ar/patrol_ws/install/patrol_guard_bot/share/patrol_guard_bot/hook/ament_prefix_path.ps1'
[0.324s] INFO:colcon.colcon_core.shell:Creating environment descriptor '/home/ros2ar/patrol_ws/install/patrol_guard_bot/share/patrol_guard_bot/hook/ament_prefix_path.dsv'
[0.325s] INFO:colcon.colcon_core.shell:Creating environment hook '/home/ros2ar/patrol_ws/install/patrol_guard_bot/share/patrol_guard_bot/hook/ament_prefix_path.sh'
[0.325s] INFO:colcon.colcon_core.shell:Skip shell extension 'powershell' for command environment: Not usable outside of PowerShell
[0.325s] DEBUG:colcon.colcon_core.shell:Skip shell extension 'dsv' for command environment
[0.563s] INFO:colcon.colcon_core.task.python.build:Building Python package in '/home/ros2ar/patrol_ws/src/patrol_guard_bot'
[0.563s] INFO:colcon.colcon_core.shell:Skip shell extension 'powershell' for command environment: Not usable outside of PowerShell
[0.564s] DEBUG:colcon.colcon_core.shell:Skip shell extension 'dsv' for command environment
[0.857s] DEBUG:colcon.colcon_core.task.python.build:Available setuptools commands: bdist_rpm, upload_docs, check, clean, build, install, setopt, bdist_egg, saveopts, easy_install, bdist_wheel, rotate, bdist_dumb, dist_info, develop, install_scripts, install_egg_info, alias, bdist, test, install_headers, build_py, build_scripts, egg_info, upload, symlink_data, build_clib, install_lib, install_data, sdist, build_ext, register
[1.120s] DEBUG:colcon.colcon_core.task.python.build:Available setuptools 'develop' options: --find-links, --build-directory, --install-layout, --local-snapshots-ok, --dry-run, --uninstall, --always-copy, --editable, --upgrade, --site-dirs, --allow-hosts, --egg-path, --quiet, --version, --record, --optimize, --no-find-links, --force-installation-into-system-dir, --always-unzip, --install-dir, --no-user-cfg, --no-deps, --exclude-scripts, --zip-ok, --user, --help, --multi-version, --verbose, --script-dir, --prefix, --index-url
[1.126s] DEBUG:colcon.colcon_core.event_handler.log_command:Invoking command in '/home/ros2ar/patrol_ws/build/patrol_guard_bot': PYTHONPATH=/home/ros2ar/patrol_ws/build/patrol_guard_bot/prefix_override:/usr/lib/python3/dist-packages/colcon_core/task/python/colcon_distutils_commands:/home/ros2ar/patrol_ws/install/patrol_guard_bot/lib/python3.10/site-packages:${PYTHONPATH} /usr/bin/python3 -W ignore:setup.py install is deprecated -W ignore:easy_install command is deprecated setup.py develop --editable --build-directory /home/ros2ar/patrol_ws/build/patrol_guard_bot/build --no-deps symlink_data
[1.546s] Level 1:colcon.colcon_core.shell:create_environment_hook('patrol_guard_bot', 'pythonpath_develop')
[1.546s] INFO:colcon.colcon_core.shell:Creating environment hook '/home/ros2ar/patrol_ws/build/patrol_guard_bot/share/patrol_guard_bot/hook/pythonpath_develop.ps1'
[1.547s] DEBUG:colcon.colcon_core.event_handler.log_command:Invoked command in '/home/ros2ar/patrol_ws/build/patrol_guard_bot' returned '0': PYTHONPATH=/home/ros2ar/patrol_ws/build/patrol_guard_bot/prefix_override:/usr/lib/python3/dist-packages/colcon_core/task/python/colcon_distutils_commands:/home/ros2ar/patrol_ws/install/patrol_guard_bot/lib/python3.10/site-packages:${PYTHONPATH} /usr/bin/python3 -W ignore:setup.py install is deprecated -W ignore:easy_install command is deprecated setup.py develop --editable --build-directory /home/ros2ar/patrol_ws/build/patrol_guard_bot/build --no-deps symlink_data
[1.547s] INFO:colcon.colcon_core.shell:Creating environment descriptor '/home/ros2ar/patrol_ws/build/patrol_guard_bot/share/patrol_guard_bot/hook/pythonpath_develop.dsv'
[1.548s] INFO:colcon.colcon_core.shell:Creating environment hook '/home/ros2ar/patrol_ws/build/patrol_guard_bot/share/patrol_guard_bot/hook/pythonpath_develop.sh'
[1.550s] Level 1:colcon.colcon_core.environment:checking '/home/ros2ar/patrol_ws/install/patrol_guard_bot' for CMake module files
[1.550s] Level 1:colcon.colcon_core.environment:checking '/home/ros2ar/patrol_ws/install/patrol_guard_bot' for CMake config files
[1.551s] Level 1:colcon.colcon_core.environment:checking '/home/ros2ar/patrol_ws/install/patrol_guard_bot/lib'
[1.551s] Level 1:colcon.colcon_core.environment:checking '/home/ros2ar/patrol_ws/install/patrol_guard_bot/bin'
[1.551s] Level 1:colcon.colcon_core.shell:create_environment_hook('patrol_guard_bot', 'path')
[1.551s] INFO:colcon.colcon_core.shell:Creating environment hook '/home/ros2ar/patrol_ws/install/patrol_guard_bot/share/patrol_guard_bot/hook/path.ps1'
[1.552s] INFO:colcon.colcon_core.shell:Creating environment descriptor '/home/ros2ar/patrol_ws/install/patrol_guard_bot/share/patrol_guard_bot/hook/path.dsv'
[1.552s] INFO:colcon.colcon_core.shell:Creating environment hook '/home/ros2ar/patrol_ws/install/patrol_guard_bot/share/patrol_guard_bot/hook/path.sh'
[1.552s] Level 1:colcon.colcon_core.environment:checking '/home/ros2ar/patrol_ws/install/patrol_guard_bot/lib/pkgconfig/patrol_guard_bot.pc'
[1.552s] Level 1:colcon.colcon_core.environment:checking '/home/ros2ar/patrol_ws/install/patrol_guard_bot/lib/python3.10/site-packages'
[1.552s] Level 1:colcon.colcon_core.shell:create_environment_hook('patrol_guard_bot', 'pythonpath')
[1.553s] INFO:colcon.colcon_core.shell:Creating environment hook '/home/ros2ar/patrol_ws/install/patrol_guard_bot/share/patrol_guard_bot/hook/pythonpath.ps1'
[1.553s] INFO:colcon.colcon_core.shell:Creating environment descriptor '/home/ros2ar/patrol_ws/install/patrol_guard_bot/share/patrol_guard_bot/hook/pythonpath.dsv'
[1.553s] INFO:colcon.colcon_core.shell:Creating environment hook '/home/ros2ar/patrol_ws/install/patrol_guard_bot/share/patrol_guard_bot/hook/pythonpath.sh'
[1.554s] Level 1:colcon.colcon_core.environment:checking '/home/ros2ar/patrol_ws/install/patrol_guard_bot/bin'
[1.554s] Level 1:colcon.colcon_core.shell:create_environment_hook('patrol_guard_bot', 'pythonscriptspath')
[1.554s] INFO:colcon.colcon_core.shell:Creating environment hook '/home/ros2ar/patrol_ws/install/patrol_guard_bot/share/patrol_guard_bot/hook/pythonscriptspath.ps1'
[1.554s] INFO:colcon.colcon_core.shell:Creating environment descriptor '/home/ros2ar/patrol_ws/install/patrol_guard_bot/share/patrol_guard_bot/hook/pythonscriptspath.dsv'
[1.555s] INFO:colcon.colcon_core.shell:Creating environment hook '/home/ros2ar/patrol_ws/install/patrol_guard_bot/share/patrol_guard_bot/hook/pythonscriptspath.sh'
[1.555s] Level 1:colcon.colcon_core.environment:create_environment_scripts_only(patrol_guard_bot)
[1.555s] INFO:colcon.colcon_core.shell:Creating package script '/home/ros2ar/patrol_ws/install/patrol_guard_bot/share/patrol_guard_bot/package.ps1'
[1.556s] INFO:colcon.colcon_core.shell:Creating package descriptor '/home/ros2ar/patrol_ws/install/patrol_guard_bot/share/patrol_guard_bot/package.dsv'
[1.557s] INFO:colcon.colcon_core.shell:Creating package script '/home/ros2ar/patrol_ws/install/patrol_guard_bot/share/patrol_guard_bot/package.sh'
[1.557s] INFO:colcon.colcon_core.shell:Creating package script '/home/ros2ar/patrol_ws/install/patrol_guard_bot/share/patrol_guard_bot/package.bash'
[1.558s] INFO:colcon.colcon_core.shell:Creating package script '/home/ros2ar/patrol_ws/install/patrol_guard_bot/share/patrol_guard_bot/package.zsh'
[1.559s] Level 1:colcon.colcon_core.environment:create_file_with_runtime_dependencies(/home/ros2ar/patrol_ws/install/patrol_guard_bot/share/colcon-core/packages/patrol_guard_bot)
[1.559s] DEBUG:colcon.colcon_parallel_executor.executor.parallel:closing loop
[1.559s] DEBUG:colcon.colcon_parallel_executor.executor.parallel:loop closed
[1.559s] DEBUG:colcon.colcon_parallel_executor.executor.parallel:run_until_complete finished with '0'
[1.559s] DEBUG:colcon.colcon_core.event_reactor:joining thread
[1.568s] INFO:colcon.colcon_core.plugin_system:Skipping extension 'colcon_notification.desktop_notification.terminal_notifier': Not used on non-Darwin systems
[1.569s] INFO:colcon.colcon_core.plugin_system:Skipping extension 'colcon_notification.desktop_notification.win32': Not used on non-Windows systems
[1.569s] INFO:colcon.colcon_notification.desktop_notification:Sending desktop notification using 'notify2'
[1.595s] DEBUG:colcon.colcon_core.event_reactor:joined thread
[1.595s] INFO:colcon.colcon_core.shell:Creating prefix script '/home/ros2ar/patrol_ws/install/local_setup.ps1'
[1.596s] INFO:colcon.colcon_core.shell:Creating prefix util module '/home/ros2ar/patrol_ws/install/_local_setup_util_ps1.py'
[1.598s] INFO:colcon.colcon_core.shell:Creating prefix chain script '/home/ros2ar/patrol_ws/install/setup.ps1'
[1.599s] INFO:colcon.colcon_core.shell:Creating prefix script '/home/ros2ar/patrol_ws/install/local_setup.sh'
[1.599s] INFO:colcon.colcon_core.shell:Creating prefix util module '/home/ros2ar/patrol_ws/install/_local_setup_util_sh.py'
[1.600s] INFO:colcon.colcon_core.shell:Creating prefix chain script '/home/ros2ar/patrol_ws/install/setup.sh'
[1.601s] INFO:colcon.colcon_core.shell:Creating prefix script '/home/ros2ar/patrol_ws/install/local_setup.bash'
[1.601s] INFO:colcon.colcon_core.shell:Creating prefix chain script '/home/ros2ar/patrol_ws/install/setup.bash'
[1.602s] INFO:colcon.colcon_core.shell:Creating prefix script '/home/ros2ar/patrol_ws/install/local_setup.zsh'
[1.602s] INFO:colcon.colcon_core.shell:Creating prefix chain script '/home/ros2ar/patrol_ws/install/setup.zsh'
