[0.178s] DEBUG:colcon:Command line arguments: ['/usr/bin/colcon', 'build', '--symlink-install']
[0.178s] DEBUG:colcon:Parsed command line arguments: Namespace(log_base=None, log_level=None, verb_name='build', build_base='build', install_base='install', merge_install=False, symlink_install=True, test_result_base=None, continue_on_error=False, executor='parallel', parallel_workers=12, event_handlers=None, ignore_user_meta=False, metas=['./colcon.meta'], base_paths=['.'], packages_ignore=None, packages_ignore_regex=None, paths=None, packages_up_to=None, packages_up_to_regex=None, packages_above=None, packages_above_and_dependencies=None, packages_above_depth=None, packages_select_by_dep=None, packages_skip_by_dep=None, packages_skip_up_to=None, packages_select_build_failed=False, packages_skip_build_finished=False, packages_select_test_failures=False, packages_skip_test_passed=False, packages_select=None, packages_skip=None, packages_select_regex=None, packages_skip_regex=None, packages_start=None, packages_end=None, allow_overriding=[], cmake_args=None, cmake_target=None, cmake_target_skip_unavailable=False, cmake_clean_cache=False, cmake_clean_first=False, cmake_force_configure=False, ament_cmake_args=None, catkin_cmake_args=None, catkin_skip_building_tests=False, mixin_files=None, mixin=None, verb_parser=<colcon_mixin.mixin.mixin_argument.MixinArgumentDecorator object at 0x721ca4f66500>, verb_extension=<colcon_core.verb.build.BuildVerb object at 0x721ca506b790>, main=<bound method BuildVerb.main of <colcon_core.verb.build.BuildVerb object at 0x721ca506b790>>, mixin_verb=('build',))
[0.430s] Level 1:colcon.colcon_core.package_discovery:discover_packages(colcon_meta) check parameters
[0.431s] Level 1:colcon.colcon_core.package_discovery:discover_packages(recursive) check parameters
[0.431s] Level 1:colcon.colcon_core.package_discovery:discover_packages(ignore) check parameters
[0.431s] Level 1:colcon.colcon_core.package_discovery:discover_packages(path) check parameters
[0.431s] Level 1:colcon.colcon_core.package_discovery:discover_packages(colcon_meta) discover
[0.431s] Level 1:colcon.colcon_core.package_discovery:discover_packages(recursive) discover
[0.431s] INFO:colcon.colcon_core.package_discovery:Crawling recursively for packages in '/home/ros2ar/patrol_ws'
[0.431s] Level 1:colcon.colcon_core.package_identification:_identify(.) by extensions ['ignore', 'ignore_ament_install']
[0.431s] Level 1:colcon.colcon_core.package_identification:_identify(.) by extension 'ignore'
[0.431s] Level 1:colcon.colcon_core.package_identification:_identify(.) by extension 'ignore_ament_install'
[0.431s] Level 1:colcon.colcon_core.package_identification:_identify(.) by extensions ['colcon_pkg']
[0.432s] Level 1:colcon.colcon_core.package_identification:_identify(.) by extension 'colcon_pkg'
[0.432s] Level 1:colcon.colcon_core.package_identification:_identify(.) by extensions ['colcon_meta']
[0.432s] Level 1:colcon.colcon_core.package_identification:_identify(.) by extension 'colcon_meta'
[0.432s] Level 1:colcon.colcon_core.package_identification:_identify(.) by extensions ['ros']
[0.432s] Level 1:colcon.colcon_core.package_identification:_identify(.) by extension 'ros'
[0.449s] Level 1:colcon.colcon_core.package_identification:_identify(.) by extensions ['cmake', 'python']
[0.449s] Level 1:colcon.colcon_core.package_identification:_identify(.) by extension 'cmake'
[0.449s] Level 1:colcon.colcon_core.package_identification:_identify(.) by extension 'python'
[0.449s] Level 1:colcon.colcon_core.package_identification:_identify(.) by extensions ['python_setup_py']
[0.449s] Level 1:colcon.colcon_core.package_identification:_identify(.) by extension 'python_setup_py'
[0.450s] Level 1:colcon.colcon_core.package_identification:_identify(build) by extensions ['ignore', 'ignore_ament_install']
[0.450s] Level 1:colcon.colcon_core.package_identification:_identify(build) by extension 'ignore'
[0.450s] Level 1:colcon.colcon_core.package_identification:_identify(build) ignored
[0.450s] Level 1:colcon.colcon_core.package_identification:_identify(install) by extensions ['ignore', 'ignore_ament_install']
[0.450s] Level 1:colcon.colcon_core.package_identification:_identify(install) by extension 'ignore'
[0.450s] Level 1:colcon.colcon_core.package_identification:_identify(install) ignored
[0.450s] Level 1:colcon.colcon_core.package_identification:_identify(log) by extensions ['ignore', 'ignore_ament_install']
[0.451s] Level 1:colcon.colcon_core.package_identification:_identify(log) by extension 'ignore'
[0.451s] Level 1:colcon.colcon_core.package_identification:_identify(log) ignored
[0.451s] Level 1:colcon.colcon_core.package_identification:_identify(src) by extensions ['ignore', 'ignore_ament_install']
[0.451s] Level 1:colcon.colcon_core.package_identification:_identify(src) by extension 'ignore'
[0.451s] Level 1:colcon.colcon_core.package_identification:_identify(src) by extension 'ignore_ament_install'
[0.451s] Level 1:colcon.colcon_core.package_identification:_identify(src) by extensions ['colcon_pkg']
[0.451s] Level 1:colcon.colcon_core.package_identification:_identify(src) by extension 'colcon_pkg'
[0.451s] Level 1:colcon.colcon_core.package_identification:_identify(src) by extensions ['colcon_meta']
[0.451s] Level 1:colcon.colcon_core.package_identification:_identify(src) by extension 'colcon_meta'
[0.451s] Level 1:colcon.colcon_core.package_identification:_identify(src) by extensions ['ros']
[0.451s] Level 1:colcon.colcon_core.package_identification:_identify(src) by extension 'ros'
[0.451s] Level 1:colcon.colcon_core.package_identification:_identify(src) by extensions ['cmake', 'python']
[0.451s] Level 1:colcon.colcon_core.package_identification:_identify(src) by extension 'cmake'
[0.451s] Level 1:colcon.colcon_core.package_identification:_identify(src) by extension 'python'
[0.451s] Level 1:colcon.colcon_core.package_identification:_identify(src) by extensions ['python_setup_py']
[0.451s] Level 1:colcon.colcon_core.package_identification:_identify(src) by extension 'python_setup_py'
[0.452s] Level 1:colcon.colcon_core.package_identification:_identify(src/patrol_guard_bot) by extensions ['ignore', 'ignore_ament_install']
[0.452s] Level 1:colcon.colcon_core.package_identification:_identify(src/patrol_guard_bot) by extension 'ignore'
[0.452s] Level 1:colcon.colcon_core.package_identification:_identify(src/patrol_guard_bot) by extension 'ignore_ament_install'
[0.452s] Level 1:colcon.colcon_core.package_identification:_identify(src/patrol_guard_bot) by extensions ['colcon_pkg']
[0.452s] Level 1:colcon.colcon_core.package_identification:_identify(src/patrol_guard_bot) by extension 'colcon_pkg'
[0.452s] Level 1:colcon.colcon_core.package_identification:_identify(src/patrol_guard_bot) by extensions ['colcon_meta']
[0.452s] Level 1:colcon.colcon_core.package_identification:_identify(src/patrol_guard_bot) by extension 'colcon_meta'
[0.452s] Level 1:colcon.colcon_core.package_identification:_identify(src/patrol_guard_bot) by extensions ['ros']
[0.452s] Level 1:colcon.colcon_core.package_identification:_identify(src/patrol_guard_bot) by extension 'ros'
[0.457s] DEBUG:colcon.colcon_core.package_identification:Package 'src/patrol_guard_bot' with type 'ros.ament_python' and name 'patrol_guard_bot'
[0.457s] Level 1:colcon.colcon_core.package_discovery:discover_packages(recursive) using defaults
[0.457s] Level 1:colcon.colcon_core.package_discovery:discover_packages(ignore) discover
[0.457s] Level 1:colcon.colcon_core.package_discovery:discover_packages(ignore) using defaults
[0.457s] Level 1:colcon.colcon_core.package_discovery:discover_packages(path) discover
[0.457s] Level 1:colcon.colcon_core.package_discovery:discover_packages(path) using defaults
[0.541s] Level 1:colcon.colcon_core.package_discovery:discover_packages(prefix_path) check parameters
[0.541s] Level 1:colcon.colcon_core.package_discovery:discover_packages(prefix_path) discover
[0.543s] WARNING:colcon.colcon_ros.prefix_path.ament:The path '/home/ros2ar/patrol_ws/install/patrol_guard_bot' in the environment variable AMENT_PREFIX_PATH doesn't exist
[0.545s] DEBUG:colcon.colcon_installed_package_information.package_discovery:Found 0 installed packages in /home/ros2ar/patrol_ws/install
[0.546s] DEBUG:colcon.colcon_installed_package_information.package_discovery:Found 1 installed packages in /home/ros2ar/sentinel_v_ws/install
[0.550s] DEBUG:colcon.colcon_installed_package_information.package_discovery:Found 374 installed packages in /opt/ros/humble
[0.553s] Level 1:colcon.colcon_core.package_discovery:discover_packages(prefix_path) using defaults
[0.624s] Level 5:colcon.colcon_core.verb:set package 'patrol_guard_bot' build argument 'cmake_args' from command line to 'None'
[0.625s] Level 5:colcon.colcon_core.verb:set package 'patrol_guard_bot' build argument 'cmake_target' from command line to 'None'
[0.625s] Level 5:colcon.colcon_core.verb:set package 'patrol_guard_bot' build argument 'cmake_target_skip_unavailable' from command line to 'False'
[0.625s] Level 5:colcon.colcon_core.verb:set package 'patrol_guard_bot' build argument 'cmake_clean_cache' from command line to 'False'
[0.625s] Level 5:colcon.colcon_core.verb:set package 'patrol_guard_bot' build argument 'cmake_clean_first' from command line to 'False'
[0.625s] Level 5:colcon.colcon_core.verb:set package 'patrol_guard_bot' build argument 'cmake_force_configure' from command line to 'False'
[0.625s] Level 5:colcon.colcon_core.verb:set package 'patrol_guard_bot' build argument 'ament_cmake_args' from command line to 'None'
[0.625s] Level 5:colcon.colcon_core.verb:set package 'patrol_guard_bot' build argument 'catkin_cmake_args' from command line to 'None'
[0.625s] Level 5:colcon.colcon_core.verb:set package 'patrol_guard_bot' build argument 'catkin_skip_building_tests' from command line to 'False'
[0.625s] DEBUG:colcon.colcon_core.verb:Building package 'patrol_guard_bot' with the following arguments: {'ament_cmake_args': None, 'build_base': '/home/ros2ar/patrol_ws/build/patrol_guard_bot', 'catkin_cmake_args': None, 'catkin_skip_building_tests': False, 'cmake_args': None, 'cmake_clean_cache': False, 'cmake_clean_first': False, 'cmake_force_configure': False, 'cmake_target': None, 'cmake_target_skip_unavailable': False, 'install_base': '/home/ros2ar/patrol_ws/install/patrol_guard_bot', 'merge_install': False, 'path': '/home/ros2ar/patrol_ws/src/patrol_guard_bot', 'symlink_install': True, 'test_result_base': None}
[0.625s] INFO:colcon.colcon_core.executor:Executing jobs using 'parallel' executor
[0.630s] DEBUG:colcon.colcon_parallel_executor.executor.parallel:run_until_complete
[0.631s] INFO:colcon.colcon_ros.task.ament_python.build:Building ROS package in '/home/ros2ar/patrol_ws/src/patrol_guard_bot' with build type 'ament_python'
[0.631s] Level 1:colcon.colcon_core.shell:create_environment_hook('patrol_guard_bot', 'ament_prefix_path')
[0.634s] INFO:colcon.colcon_core.plugin_system:Skipping extension 'colcon_core.shell.bat': Not used on non-Windows systems
[0.634s] INFO:colcon.colcon_core.shell:Creating environment hook '/home/ros2ar/patrol_ws/install/patrol_guard_bot/share/patrol_guard_bot/hook/ament_prefix_path.ps1'
[0.635s] INFO:colcon.colcon_core.shell:Creating environment descriptor '/home/ros2ar/patrol_ws/install/patrol_guard_bot/share/patrol_guard_bot/hook/ament_prefix_path.dsv'
[0.636s] INFO:colcon.colcon_core.shell:Creating environment hook '/home/ros2ar/patrol_ws/install/patrol_guard_bot/share/patrol_guard_bot/hook/ament_prefix_path.sh'
[0.637s] INFO:colcon.colcon_core.shell:Skip shell extension 'powershell' for command environment: Not usable outside of PowerShell
[0.637s] DEBUG:colcon.colcon_core.shell:Skip shell extension 'dsv' for command environment
[1.143s] INFO:colcon.colcon_core.task.python.build:Building Python package in '/home/ros2ar/patrol_ws/src/patrol_guard_bot'
[1.143s] INFO:colcon.colcon_core.shell:Skip shell extension 'powershell' for command environment: Not usable outside of PowerShell
[1.144s] DEBUG:colcon.colcon_core.shell:Skip shell extension 'dsv' for command environment
[1.816s] DEBUG:colcon.colcon_core.task.python.build:Available setuptools commands: bdist_egg, setopt, install, easy_install, rotate, upload_docs, install_headers, saveopts, register, build_clib, dist_info, sdist, alias, install_scripts, install_data, build_py, install_lib, bdist_rpm, upload, test, bdist, symlink_data, build_ext, bdist_wheel, build_scripts, develop, install_egg_info, clean, bdist_dumb, build, check, egg_info
[2.362s] DEBUG:colcon.colcon_core.task.python.build:Available setuptools 'develop' options: --no-user-cfg, --find-links, --record, --dry-run, --upgrade, --index-url, --egg-path, --verbose, --optimize, --no-deps, --always-copy, --prefix, --exclude-scripts, --help, --version, --local-snapshots-ok, --force-installation-into-system-dir, --user, --multi-version, --site-dirs, --build-directory, --editable, --script-dir, --zip-ok, --allow-hosts, --no-find-links, --install-layout, --always-unzip, --uninstall, --quiet, --install-dir
[2.366s] DEBUG:colcon.colcon_core.event_handler.log_command:Invoking command in '/home/ros2ar/patrol_ws/build/patrol_guard_bot': PYTHONPATH=/home/ros2ar/patrol_ws/build/patrol_guard_bot/prefix_override:/usr/lib/python3/dist-packages/colcon_core/task/python/colcon_distutils_commands:/home/ros2ar/patrol_ws/install/patrol_guard_bot/lib/python3.10/site-packages:${PYTHONPATH} /usr/bin/python3 -W ignore:setup.py install is deprecated -W ignore:easy_install command is deprecated setup.py develop --editable --build-directory /home/ros2ar/patrol_ws/build/patrol_guard_bot/build --no-deps symlink_data
[3.185s] Level 1:colcon.colcon_core.shell:create_environment_hook('patrol_guard_bot', 'pythonpath_develop')
[3.185s] INFO:colcon.colcon_core.shell:Creating environment hook '/home/ros2ar/patrol_ws/build/patrol_guard_bot/share/patrol_guard_bot/hook/pythonpath_develop.ps1'
[3.187s] INFO:colcon.colcon_core.shell:Creating environment descriptor '/home/ros2ar/patrol_ws/build/patrol_guard_bot/share/patrol_guard_bot/hook/pythonpath_develop.dsv'
[3.187s] INFO:colcon.colcon_core.shell:Creating environment hook '/home/ros2ar/patrol_ws/build/patrol_guard_bot/share/patrol_guard_bot/hook/pythonpath_develop.sh'
[3.188s] DEBUG:colcon.colcon_core.event_handler.log_command:Invoked command in '/home/ros2ar/patrol_ws/build/patrol_guard_bot' returned '0': PYTHONPATH=/home/ros2ar/patrol_ws/build/patrol_guard_bot/prefix_override:/usr/lib/python3/dist-packages/colcon_core/task/python/colcon_distutils_commands:/home/ros2ar/patrol_ws/install/patrol_guard_bot/lib/python3.10/site-packages:${PYTHONPATH} /usr/bin/python3 -W ignore:setup.py install is deprecated -W ignore:easy_install command is deprecated setup.py develop --editable --build-directory /home/ros2ar/patrol_ws/build/patrol_guard_bot/build --no-deps symlink_data
[3.195s] Level 1:colcon.colcon_core.environment:checking '/home/ros2ar/patrol_ws/install/patrol_guard_bot' for CMake module files
[3.196s] Level 1:colcon.colcon_core.environment:checking '/home/ros2ar/patrol_ws/install/patrol_guard_bot' for CMake config files
[3.198s] Level 1:colcon.colcon_core.environment:checking '/home/ros2ar/patrol_ws/install/patrol_guard_bot/lib'
[3.198s] Level 1:colcon.colcon_core.environment:checking '/home/ros2ar/patrol_ws/install/patrol_guard_bot/bin'
[3.198s] Level 1:colcon.colcon_core.shell:create_environment_hook('patrol_guard_bot', 'path')
[3.199s] INFO:colcon.colcon_core.shell:Creating environment hook '/home/ros2ar/patrol_ws/install/patrol_guard_bot/share/patrol_guard_bot/hook/path.ps1'
[3.199s] INFO:colcon.colcon_core.shell:Creating environment descriptor '/home/ros2ar/patrol_ws/install/patrol_guard_bot/share/patrol_guard_bot/hook/path.dsv'
[3.200s] INFO:colcon.colcon_core.shell:Creating environment hook '/home/ros2ar/patrol_ws/install/patrol_guard_bot/share/patrol_guard_bot/hook/path.sh'
[3.200s] Level 1:colcon.colcon_core.environment:checking '/home/ros2ar/patrol_ws/install/patrol_guard_bot/lib/pkgconfig/patrol_guard_bot.pc'
[3.201s] Level 1:colcon.colcon_core.environment:checking '/home/ros2ar/patrol_ws/install/patrol_guard_bot/lib/python3.10/site-packages'
[3.201s] Level 1:colcon.colcon_core.shell:create_environment_hook('patrol_guard_bot', 'pythonpath')
[3.201s] INFO:colcon.colcon_core.shell:Creating environment hook '/home/ros2ar/patrol_ws/install/patrol_guard_bot/share/patrol_guard_bot/hook/pythonpath.ps1'
[3.202s] INFO:colcon.colcon_core.shell:Creating environment descriptor '/home/ros2ar/patrol_ws/install/patrol_guard_bot/share/patrol_guard_bot/hook/pythonpath.dsv'
[3.203s] INFO:colcon.colcon_core.shell:Creating environment hook '/home/ros2ar/patrol_ws/install/patrol_guard_bot/share/patrol_guard_bot/hook/pythonpath.sh'
[3.204s] Level 1:colcon.colcon_core.environment:checking '/home/ros2ar/patrol_ws/install/patrol_guard_bot/bin'
[3.204s] Level 1:colcon.colcon_core.shell:create_environment_hook('patrol_guard_bot', 'pythonscriptspath')
[3.204s] INFO:colcon.colcon_core.shell:Creating environment hook '/home/ros2ar/patrol_ws/install/patrol_guard_bot/share/patrol_guard_bot/hook/pythonscriptspath.ps1'
[3.205s] INFO:colcon.colcon_core.shell:Creating environment descriptor '/home/ros2ar/patrol_ws/install/patrol_guard_bot/share/patrol_guard_bot/hook/pythonscriptspath.dsv'
[3.206s] INFO:colcon.colcon_core.shell:Creating environment hook '/home/ros2ar/patrol_ws/install/patrol_guard_bot/share/patrol_guard_bot/hook/pythonscriptspath.sh'
[3.206s] Level 1:colcon.colcon_core.environment:create_environment_scripts_only(patrol_guard_bot)
[3.207s] INFO:colcon.colcon_core.shell:Creating package script '/home/ros2ar/patrol_ws/install/patrol_guard_bot/share/patrol_guard_bot/package.ps1'
[3.209s] INFO:colcon.colcon_core.shell:Creating package descriptor '/home/ros2ar/patrol_ws/install/patrol_guard_bot/share/patrol_guard_bot/package.dsv'
[3.211s] INFO:colcon.colcon_core.shell:Creating package script '/home/ros2ar/patrol_ws/install/patrol_guard_bot/share/patrol_guard_bot/package.sh'
[3.213s] INFO:colcon.colcon_core.shell:Creating package script '/home/ros2ar/patrol_ws/install/patrol_guard_bot/share/patrol_guard_bot/package.bash'
[3.214s] INFO:colcon.colcon_core.shell:Creating package script '/home/ros2ar/patrol_ws/install/patrol_guard_bot/share/patrol_guard_bot/package.zsh'
[3.216s] Level 1:colcon.colcon_core.environment:create_file_with_runtime_dependencies(/home/ros2ar/patrol_ws/install/patrol_guard_bot/share/colcon-core/packages/patrol_guard_bot)
[3.218s] DEBUG:colcon.colcon_parallel_executor.executor.parallel:closing loop
[3.218s] DEBUG:colcon.colcon_parallel_executor.executor.parallel:loop closed
[3.218s] DEBUG:colcon.colcon_parallel_executor.executor.parallel:run_until_complete finished with '0'
[3.218s] DEBUG:colcon.colcon_core.event_reactor:joining thread
[3.229s] INFO:colcon.colcon_core.plugin_system:Skipping extension 'colcon_notification.desktop_notification.terminal_notifier': Not used on non-Darwin systems
[3.230s] INFO:colcon.colcon_core.plugin_system:Skipping extension 'colcon_notification.desktop_notification.win32': Not used on non-Windows systems
[3.230s] INFO:colcon.colcon_notification.desktop_notification:Sending desktop notification using 'notify2'
[3.254s] DEBUG:colcon.colcon_core.event_reactor:joined thread
[3.255s] INFO:colcon.colcon_core.shell:Creating prefix script '/home/ros2ar/patrol_ws/install/local_setup.ps1'
[3.256s] INFO:colcon.colcon_core.shell:Creating prefix util module '/home/ros2ar/patrol_ws/install/_local_setup_util_ps1.py'
[3.259s] INFO:colcon.colcon_core.shell:Creating prefix chain script '/home/ros2ar/patrol_ws/install/setup.ps1'
[3.264s] INFO:colcon.colcon_core.shell:Creating prefix script '/home/ros2ar/patrol_ws/install/local_setup.sh'
[3.266s] INFO:colcon.colcon_core.shell:Creating prefix util module '/home/ros2ar/patrol_ws/install/_local_setup_util_sh.py'
[3.268s] INFO:colcon.colcon_core.shell:Creating prefix chain script '/home/ros2ar/patrol_ws/install/setup.sh'
[3.271s] INFO:colcon.colcon_core.shell:Creating prefix script '/home/ros2ar/patrol_ws/install/local_setup.bash'
[3.272s] INFO:colcon.colcon_core.shell:Creating prefix chain script '/home/ros2ar/patrol_ws/install/setup.bash'
[3.275s] INFO:colcon.colcon_core.shell:Creating prefix script '/home/ros2ar/patrol_ws/install/local_setup.zsh'
[3.277s] INFO:colcon.colcon_core.shell:Creating prefix chain script '/home/ros2ar/patrol_ws/install/setup.zsh'
