[0.093s] DEBUG:colcon:Command line arguments: ['/usr/bin/colcon', 'build', '--symlink-install']
[0.093s] DEBUG:colcon:Parsed command line arguments: Namespace(log_base=None, log_level=None, verb_name='build', build_base='build', install_base='install', merge_install=False, symlink_install=True, test_result_base=None, continue_on_error=False, executor='parallel', parallel_workers=12, event_handlers=None, ignore_user_meta=False, metas=['./colcon.meta'], base_paths=['.'], packages_ignore=None, packages_ignore_regex=None, paths=None, packages_up_to=None, packages_up_to_regex=None, packages_above=None, packages_above_and_dependencies=None, packages_above_depth=None, packages_select_by_dep=None, packages_skip_by_dep=None, packages_skip_up_to=None, packages_select_build_failed=False, packages_skip_build_finished=False, packages_select_test_failures=False, packages_skip_test_passed=False, packages_select=None, packages_skip=None, packages_select_regex=None, packages_skip_regex=None, packages_start=None, packages_end=None, allow_overriding=[], cmake_args=None, cmake_target=None, cmake_target_skip_unavailable=False, cmake_clean_cache=False, cmake_clean_first=False, cmake_force_configure=False, ament_cmake_args=None, catkin_cmake_args=None, catkin_skip_building_tests=False, mixin_files=None, mixin=None, verb_parser=<colcon_mixin.mixin.mixin_argument.MixinArgumentDecorator object at 0x70bf8ccf2a10>, verb_extension=<colcon_core.verb.build.BuildVerb object at 0x70bf8ce4bb80>, main=<bound method BuildVerb.main of <colcon_core.verb.build.BuildVerb object at 0x70bf8ce4bb80>>, mixin_verb=('build',))
[0.237s] Level 1:colcon.colcon_core.package_discovery:discover_packages(colcon_meta) check parameters
[0.238s] Level 1:colcon.colcon_core.package_discovery:discover_packages(recursive) check parameters
[0.238s] Level 1:colcon.colcon_core.package_discovery:discover_packages(ignore) check parameters
[0.238s] Level 1:colcon.colcon_core.package_discovery:discover_packages(path) check parameters
[0.238s] Level 1:colcon.colcon_core.package_discovery:discover_packages(colcon_meta) discover
[0.238s] Level 1:colcon.colcon_core.package_discovery:discover_packages(recursive) discover
[0.238s] INFO:colcon.colcon_core.package_discovery:Crawling recursively for packages in '/home/ros2ar/patrol_ws'
[0.238s] Level 1:colcon.colcon_core.package_identification:_identify(.) by extensions ['ignore', 'ignore_ament_install']
[0.238s] Level 1:colcon.colcon_core.package_identification:_identify(.) by extension 'ignore'
[0.238s] Level 1:colcon.colcon_core.package_identification:_identify(.) by extension 'ignore_ament_install'
[0.238s] Level 1:colcon.colcon_core.package_identification:_identify(.) by extensions ['colcon_pkg']
[0.238s] Level 1:colcon.colcon_core.package_identification:_identify(.) by extension 'colcon_pkg'
[0.238s] Level 1:colcon.colcon_core.package_identification:_identify(.) by extensions ['colcon_meta']
[0.238s] Level 1:colcon.colcon_core.package_identification:_identify(.) by extension 'colcon_meta'
[0.238s] Level 1:colcon.colcon_core.package_identification:_identify(.) by extensions ['ros']
[0.238s] Level 1:colcon.colcon_core.package_identification:_identify(.) by extension 'ros'
[0.247s] Level 1:colcon.colcon_core.package_identification:_identify(.) by extensions ['cmake', 'python']
[0.247s] Level 1:colcon.colcon_core.package_identification:_identify(.) by extension 'cmake'
[0.247s] Level 1:colcon.colcon_core.package_identification:_identify(.) by extension 'python'
[0.247s] Level 1:colcon.colcon_core.package_identification:_identify(.) by extensions ['python_setup_py']
[0.248s] Level 1:colcon.colcon_core.package_identification:_identify(.) by extension 'python_setup_py'
[0.248s] Level 1:colcon.colcon_core.package_identification:_identify(build) by extensions ['ignore', 'ignore_ament_install']
[0.248s] Level 1:colcon.colcon_core.package_identification:_identify(build) by extension 'ignore'
[0.248s] Level 1:colcon.colcon_core.package_identification:_identify(build) ignored
[0.248s] Level 1:colcon.colcon_core.package_identification:_identify(install) by extensions ['ignore', 'ignore_ament_install']
[0.248s] Level 1:colcon.colcon_core.package_identification:_identify(install) by extension 'ignore'
[0.248s] Level 1:colcon.colcon_core.package_identification:_identify(install) ignored
[0.248s] Level 1:colcon.colcon_core.package_identification:_identify(log) by extensions ['ignore', 'ignore_ament_install']
[0.248s] Level 1:colcon.colcon_core.package_identification:_identify(log) by extension 'ignore'
[0.248s] Level 1:colcon.colcon_core.package_identification:_identify(log) ignored
[0.248s] Level 1:colcon.colcon_core.package_identification:_identify(src) by extensions ['ignore', 'ignore_ament_install']
[0.248s] Level 1:colcon.colcon_core.package_identification:_identify(src) by extension 'ignore'
[0.249s] Level 1:colcon.colcon_core.package_identification:_identify(src) by extension 'ignore_ament_install'
[0.249s] Level 1:colcon.colcon_core.package_identification:_identify(src) by extensions ['colcon_pkg']
[0.249s] Level 1:colcon.colcon_core.package_identification:_identify(src) by extension 'colcon_pkg'
[0.249s] Level 1:colcon.colcon_core.package_identification:_identify(src) by extensions ['colcon_meta']
[0.249s] Level 1:colcon.colcon_core.package_identification:_identify(src) by extension 'colcon_meta'
[0.249s] Level 1:colcon.colcon_core.package_identification:_identify(src) by extensions ['ros']
[0.249s] Level 1:colcon.colcon_core.package_identification:_identify(src) by extension 'ros'
[0.249s] Level 1:colcon.colcon_core.package_identification:_identify(src) by extensions ['cmake', 'python']
[0.249s] Level 1:colcon.colcon_core.package_identification:_identify(src) by extension 'cmake'
[0.249s] Level 1:colcon.colcon_core.package_identification:_identify(src) by extension 'python'
[0.249s] Level 1:colcon.colcon_core.package_identification:_identify(src) by extensions ['python_setup_py']
[0.249s] Level 1:colcon.colcon_core.package_identification:_identify(src) by extension 'python_setup_py'
[0.249s] Level 1:colcon.colcon_core.package_identification:_identify(src/patrol_guard_bot) by extensions ['ignore', 'ignore_ament_install']
[0.249s] Level 1:colcon.colcon_core.package_identification:_identify(src/patrol_guard_bot) by extension 'ignore'
[0.249s] Level 1:colcon.colcon_core.package_identification:_identify(src/patrol_guard_bot) by extension 'ignore_ament_install'
[0.249s] Level 1:colcon.colcon_core.package_identification:_identify(src/patrol_guard_bot) by extensions ['colcon_pkg']
[0.249s] Level 1:colcon.colcon_core.package_identification:_identify(src/patrol_guard_bot) by extension 'colcon_pkg'
[0.249s] Level 1:colcon.colcon_core.package_identification:_identify(src/patrol_guard_bot) by extensions ['colcon_meta']
[0.249s] Level 1:colcon.colcon_core.package_identification:_identify(src/patrol_guard_bot) by extension 'colcon_meta'
[0.250s] Level 1:colcon.colcon_core.package_identification:_identify(src/patrol_guard_bot) by extensions ['ros']
[0.250s] Level 1:colcon.colcon_core.package_identification:_identify(src/patrol_guard_bot) by extension 'ros'
[0.252s] DEBUG:colcon.colcon_core.package_identification:Package 'src/patrol_guard_bot' with type 'ros.ament_python' and name 'patrol_guard_bot'
[0.252s] Level 1:colcon.colcon_core.package_discovery:discover_packages(recursive) using defaults
[0.252s] Level 1:colcon.colcon_core.package_discovery:discover_packages(ignore) discover
[0.252s] Level 1:colcon.colcon_core.package_discovery:discover_packages(ignore) using defaults
[0.252s] Level 1:colcon.colcon_core.package_discovery:discover_packages(path) discover
[0.252s] Level 1:colcon.colcon_core.package_discovery:discover_packages(path) using defaults
[0.282s] Level 1:colcon.colcon_core.package_discovery:discover_packages(prefix_path) check parameters
[0.282s] Level 1:colcon.colcon_core.package_discovery:discover_packages(prefix_path) discover
[0.283s] DEBUG:colcon.colcon_installed_package_information.package_discovery:Found 1 installed packages in /home/ros2ar/patrol_ws/install
[0.284s] DEBUG:colcon.colcon_installed_package_information.package_discovery:Found 1 installed packages in /home/ros2ar/sentinel_v_ws/install
[0.285s] DEBUG:colcon.colcon_installed_package_information.package_discovery:Found 374 installed packages in /opt/ros/humble
[0.287s] Level 1:colcon.colcon_core.package_discovery:discover_packages(prefix_path) using defaults
[0.327s] Level 5:colcon.colcon_core.verb:set package 'patrol_guard_bot' build argument 'cmake_args' from command line to 'None'
[0.327s] Level 5:colcon.colcon_core.verb:set package 'patrol_guard_bot' build argument 'cmake_target' from command line to 'None'
[0.327s] Level 5:colcon.colcon_core.verb:set package 'patrol_guard_bot' build argument 'cmake_target_skip_unavailable' from command line to 'False'
[0.327s] Level 5:colcon.colcon_core.verb:set package 'patrol_guard_bot' build argument 'cmake_clean_cache' from command line to 'False'
[0.327s] Level 5:colcon.colcon_core.verb:set package 'patrol_guard_bot' build argument 'cmake_clean_first' from command line to 'False'
[0.327s] Level 5:colcon.colcon_core.verb:set package 'patrol_guard_bot' build argument 'cmake_force_configure' from command line to 'False'
[0.327s] Level 5:colcon.colcon_core.verb:set package 'patrol_guard_bot' build argument 'ament_cmake_args' from command line to 'None'
[0.327s] Level 5:colcon.colcon_core.verb:set package 'patrol_guard_bot' build argument 'catkin_cmake_args' from command line to 'None'
[0.327s] Level 5:colcon.colcon_core.verb:set package 'patrol_guard_bot' build argument 'catkin_skip_building_tests' from command line to 'False'
[0.327s] DEBUG:colcon.colcon_core.verb:Building package 'patrol_guard_bot' with the following arguments: {'ament_cmake_args': None, 'build_base': '/home/ros2ar/patrol_ws/build/patrol_guard_bot', 'catkin_cmake_args': None, 'catkin_skip_building_tests': False, 'cmake_args': None, 'cmake_clean_cache': False, 'cmake_clean_first': False, 'cmake_force_configure': False, 'cmake_target': None, 'cmake_target_skip_unavailable': False, 'install_base': '/home/ros2ar/patrol_ws/install/patrol_guard_bot', 'merge_install': False, 'path': '/home/ros2ar/patrol_ws/src/patrol_guard_bot', 'symlink_install': True, 'test_result_base': None}
[0.327s] INFO:colcon.colcon_core.executor:Executing jobs using 'parallel' executor
[0.328s] DEBUG:colcon.colcon_parallel_executor.executor.parallel:run_until_complete
[0.328s] INFO:colcon.colcon_ros.task.ament_python.build:Building ROS package in '/home/ros2ar/patrol_ws/src/patrol_guard_bot' with build type 'ament_python'
[0.328s] Level 1:colcon.colcon_core.shell:create_environment_hook('patrol_guard_bot', 'ament_prefix_path')
[0.330s] INFO:colcon.colcon_core.plugin_system:Skipping extension 'colcon_core.shell.bat': Not used on non-Windows systems
[0.330s] INFO:colcon.colcon_core.shell:Creating environment hook '/home/ros2ar/patrol_ws/install/patrol_guard_bot/share/patrol_guard_bot/hook/ament_prefix_path.ps1'
[0.331s] INFO:colcon.colcon_core.shell:Creating environment descriptor '/home/ros2ar/patrol_ws/install/patrol_guard_bot/share/patrol_guard_bot/hook/ament_prefix_path.dsv'
[0.331s] INFO:colcon.colcon_core.shell:Creating environment hook '/home/ros2ar/patrol_ws/install/patrol_guard_bot/share/patrol_guard_bot/hook/ament_prefix_path.sh'
[0.332s] INFO:colcon.colcon_core.shell:Skip shell extension 'powershell' for command environment: Not usable outside of PowerShell
[0.332s] DEBUG:colcon.colcon_core.shell:Skip shell extension 'dsv' for command environment
[0.569s] INFO:colcon.colcon_core.task.python.build:Building Python package in '/home/ros2ar/patrol_ws/src/patrol_guard_bot'
[0.569s] INFO:colcon.colcon_core.shell:Skip shell extension 'powershell' for command environment: Not usable outside of PowerShell
[0.569s] DEBUG:colcon.colcon_core.shell:Skip shell extension 'dsv' for command environment
[0.898s] DEBUG:colcon.colcon_core.task.python.build:Available setuptools commands: symlink_data, install_headers, bdist_rpm, build_clib, bdist_egg, saveopts, upload, install_lib, clean, install_data, build_scripts, dist_info, build, easy_install, install_scripts, build_py, develop, build_ext, bdist_dumb, egg_info, sdist, register, install_egg_info, rotate, setopt, check, upload_docs, install, bdist_wheel, alias, test, bdist
[1.172s] DEBUG:colcon.colcon_core.task.python.build:Available setuptools 'develop' options: --always-unzip, --egg-path, --no-deps, --multi-version, --verbose, --index-url, --build-directory, --record, --upgrade, --user, --exclude-scripts, --dry-run, --no-find-links, --uninstall, --always-copy, --install-dir, --install-layout, --find-links, --script-dir, --help, --editable, --allow-hosts, --no-user-cfg, --quiet, --local-snapshots-ok, --version, --site-dirs, --prefix, --zip-ok, --force-installation-into-system-dir, --optimize
[1.176s] DEBUG:colcon.colcon_core.event_handler.log_command:Invoking command in '/home/ros2ar/patrol_ws/build/patrol_guard_bot': PYTHONPATH=/home/ros2ar/patrol_ws/build/patrol_guard_bot/prefix_override:/usr/lib/python3/dist-packages/colcon_core/task/python/colcon_distutils_commands:/home/ros2ar/patrol_ws/install/patrol_guard_bot/lib/python3.10/site-packages:${PYTHONPATH} /usr/bin/python3 -W ignore:setup.py install is deprecated -W ignore:easy_install command is deprecated setup.py develop --editable --build-directory /home/ros2ar/patrol_ws/build/patrol_guard_bot/build --no-deps symlink_data
[1.655s] Level 1:colcon.colcon_core.shell:create_environment_hook('patrol_guard_bot', 'pythonpath_develop')
[1.656s] INFO:colcon.colcon_core.shell:Creating environment hook '/home/ros2ar/patrol_ws/build/patrol_guard_bot/share/patrol_guard_bot/hook/pythonpath_develop.ps1'
[1.656s] DEBUG:colcon.colcon_core.event_handler.log_command:Invoked command in '/home/ros2ar/patrol_ws/build/patrol_guard_bot' returned '0': PYTHONPATH=/home/ros2ar/patrol_ws/build/patrol_guard_bot/prefix_override:/usr/lib/python3/dist-packages/colcon_core/task/python/colcon_distutils_commands:/home/ros2ar/patrol_ws/install/patrol_guard_bot/lib/python3.10/site-packages:${PYTHONPATH} /usr/bin/python3 -W ignore:setup.py install is deprecated -W ignore:easy_install command is deprecated setup.py develop --editable --build-directory /home/ros2ar/patrol_ws/build/patrol_guard_bot/build --no-deps symlink_data
[1.657s] INFO:colcon.colcon_core.shell:Creating environment descriptor '/home/ros2ar/patrol_ws/build/patrol_guard_bot/share/patrol_guard_bot/hook/pythonpath_develop.dsv'
[1.658s] INFO:colcon.colcon_core.shell:Creating environment hook '/home/ros2ar/patrol_ws/build/patrol_guard_bot/share/patrol_guard_bot/hook/pythonpath_develop.sh'
[1.663s] Level 1:colcon.colcon_core.environment:checking '/home/ros2ar/patrol_ws/install/patrol_guard_bot' for CMake module files
[1.664s] Level 1:colcon.colcon_core.environment:checking '/home/ros2ar/patrol_ws/install/patrol_guard_bot' for CMake config files
[1.666s] Level 1:colcon.colcon_core.environment:checking '/home/ros2ar/patrol_ws/install/patrol_guard_bot/lib'
[1.666s] Level 1:colcon.colcon_core.environment:checking '/home/ros2ar/patrol_ws/install/patrol_guard_bot/bin'
[1.666s] Level 1:colcon.colcon_core.shell:create_environment_hook('patrol_guard_bot', 'path')
[1.667s] INFO:colcon.colcon_core.shell:Creating environment hook '/home/ros2ar/patrol_ws/install/patrol_guard_bot/share/patrol_guard_bot/hook/path.ps1'
[1.668s] INFO:colcon.colcon_core.shell:Creating environment descriptor '/home/ros2ar/patrol_ws/install/patrol_guard_bot/share/patrol_guard_bot/hook/path.dsv'
[1.669s] INFO:colcon.colcon_core.shell:Creating environment hook '/home/ros2ar/patrol_ws/install/patrol_guard_bot/share/patrol_guard_bot/hook/path.sh'
[1.669s] Level 1:colcon.colcon_core.environment:checking '/home/ros2ar/patrol_ws/install/patrol_guard_bot/lib/pkgconfig/patrol_guard_bot.pc'
[1.670s] Level 1:colcon.colcon_core.environment:checking '/home/ros2ar/patrol_ws/install/patrol_guard_bot/lib/python3.10/site-packages'
[1.670s] Level 1:colcon.colcon_core.shell:create_environment_hook('patrol_guard_bot', 'pythonpath')
[1.670s] INFO:colcon.colcon_core.shell:Creating environment hook '/home/ros2ar/patrol_ws/install/patrol_guard_bot/share/patrol_guard_bot/hook/pythonpath.ps1'
[1.671s] INFO:colcon.colcon_core.shell:Creating environment descriptor '/home/ros2ar/patrol_ws/install/patrol_guard_bot/share/patrol_guard_bot/hook/pythonpath.dsv'
[1.672s] INFO:colcon.colcon_core.shell:Creating environment hook '/home/ros2ar/patrol_ws/install/patrol_guard_bot/share/patrol_guard_bot/hook/pythonpath.sh'
[1.673s] Level 1:colcon.colcon_core.environment:checking '/home/ros2ar/patrol_ws/install/patrol_guard_bot/bin'
[1.674s] Level 1:colcon.colcon_core.shell:create_environment_hook('patrol_guard_bot', 'pythonscriptspath')
[1.674s] INFO:colcon.colcon_core.shell:Creating environment hook '/home/ros2ar/patrol_ws/install/patrol_guard_bot/share/patrol_guard_bot/hook/pythonscriptspath.ps1'
[1.675s] INFO:colcon.colcon_core.shell:Creating environment descriptor '/home/ros2ar/patrol_ws/install/patrol_guard_bot/share/patrol_guard_bot/hook/pythonscriptspath.dsv'
[1.675s] INFO:colcon.colcon_core.shell:Creating environment hook '/home/ros2ar/patrol_ws/install/patrol_guard_bot/share/patrol_guard_bot/hook/pythonscriptspath.sh'
[1.676s] Level 1:colcon.colcon_core.environment:create_environment_scripts_only(patrol_guard_bot)
[1.677s] INFO:colcon.colcon_core.shell:Creating package script '/home/ros2ar/patrol_ws/install/patrol_guard_bot/share/patrol_guard_bot/package.ps1'
[1.680s] INFO:colcon.colcon_core.shell:Creating package descriptor '/home/ros2ar/patrol_ws/install/patrol_guard_bot/share/patrol_guard_bot/package.dsv'
[1.681s] INFO:colcon.colcon_core.shell:Creating package script '/home/ros2ar/patrol_ws/install/patrol_guard_bot/share/patrol_guard_bot/package.sh'
[1.683s] INFO:colcon.colcon_core.shell:Creating package script '/home/ros2ar/patrol_ws/install/patrol_guard_bot/share/patrol_guard_bot/package.bash'
[1.685s] INFO:colcon.colcon_core.shell:Creating package script '/home/ros2ar/patrol_ws/install/patrol_guard_bot/share/patrol_guard_bot/package.zsh'
[1.687s] Level 1:colcon.colcon_core.environment:create_file_with_runtime_dependencies(/home/ros2ar/patrol_ws/install/patrol_guard_bot/share/colcon-core/packages/patrol_guard_bot)
[1.687s] DEBUG:colcon.colcon_parallel_executor.executor.parallel:closing loop
[1.688s] DEBUG:colcon.colcon_parallel_executor.executor.parallel:loop closed
[1.688s] DEBUG:colcon.colcon_parallel_executor.executor.parallel:run_until_complete finished with '0'
[1.688s] DEBUG:colcon.colcon_core.event_reactor:joining thread
[1.702s] INFO:colcon.colcon_core.plugin_system:Skipping extension 'colcon_notification.desktop_notification.terminal_notifier': Not used on non-Darwin systems
[1.702s] INFO:colcon.colcon_core.plugin_system:Skipping extension 'colcon_notification.desktop_notification.win32': Not used on non-Windows systems
[1.702s] INFO:colcon.colcon_notification.desktop_notification:Sending desktop notification using 'notify2'
[1.722s] DEBUG:colcon.colcon_core.event_reactor:joined thread
[1.723s] INFO:colcon.colcon_core.shell:Creating prefix script '/home/ros2ar/patrol_ws/install/local_setup.ps1'
[1.724s] INFO:colcon.colcon_core.shell:Creating prefix util module '/home/ros2ar/patrol_ws/install/_local_setup_util_ps1.py'
[1.727s] INFO:colcon.colcon_core.shell:Creating prefix chain script '/home/ros2ar/patrol_ws/install/setup.ps1'
[1.730s] INFO:colcon.colcon_core.shell:Creating prefix script '/home/ros2ar/patrol_ws/install/local_setup.sh'
[1.731s] INFO:colcon.colcon_core.shell:Creating prefix util module '/home/ros2ar/patrol_ws/install/_local_setup_util_sh.py'
[1.733s] INFO:colcon.colcon_core.shell:Creating prefix chain script '/home/ros2ar/patrol_ws/install/setup.sh'
[1.735s] INFO:colcon.colcon_core.shell:Creating prefix script '/home/ros2ar/patrol_ws/install/local_setup.bash'
[1.736s] INFO:colcon.colcon_core.shell:Creating prefix chain script '/home/ros2ar/patrol_ws/install/setup.bash'
[1.738s] INFO:colcon.colcon_core.shell:Creating prefix script '/home/ros2ar/patrol_ws/install/local_setup.zsh'
[1.740s] INFO:colcon.colcon_core.shell:Creating prefix chain script '/home/ros2ar/patrol_ws/install/setup.zsh'
